// Jest Snapshot v1, https://goo.gl/fbAQLP

exports[`Static Posts getRenderedPost should return the rendered post 1`] = `
"<head> <title>Post 1 </title><meta name="viewport" content="width=device-width, initial-scale=1"/><link rel="icon" href="https://wjt.sfo2.cdn.digitaloceanspaces.com/wjt_logo.ico"/></head><style>*,*:before,*:after{box-sizing:border-box}*{margin:0}body{line-height:1.5;-webkit-font-smoothing:antialiased}img,picture,video,canvas,svg{display:block;max-width:100%}input,button,textarea,select{font:inherit}p,h1,h2,h3,h4,h5,h6{overflow-wrap:break-word}p{text-wrap:pretty}h1,h2,h3,h4,h5,h6{text-wrap:balance}#root,#__next{isolation:isolate}html{padding:1rem;font-family:Roboto,sans-serif}.post{height:100%;border:solid thin black;padding:1rem}
</style><div class="post"><h1>Post 1</h1>
<p>This is the first post.</p>
</div>"
`;
