// Jest Snapshot v1, https://goo.gl/fbAQLP

exports[`getMockPostContent return value should match snapshots 1`] = `
"---
title: Post 1
author: Some Author
slug: post-1
---
# Post 1

This is the first post."
`;

exports[`getMockPostContent return value should match snapshots 2`] = `
"---
title: Post 2
author: Another Author
slug: post-2
---
# Post 2

This is the second post."
`;

exports[`getMockPostContent return value should match snapshots 3`] = `
"---
title: Post 3
author: Yet Another Author
---
# Post 3

This is the third post."
`;
